// Vitest Snapshot v1, https://vitest.dev/guide/snapshot.html

exports[`format golden fixture > locks the output of every public format 1`] = `
{
  "ascii": ".
\`-- app
    |-- src
    |   \`-- index.js
    \`-- package.json",
  "json-array": "{
  "name": "root",
  "type": "directory",
  "children": [
    {
      "name": "app",
      "type": "directory",
      "children": [
        {
          "name": "src",
          "type": "directory",
          "children": [
            {
              "name": "index.js",
              "type": "file"
            }
          ]
        },
        {
          "name": "package.json",
          "type": "file"
        }
      ]
    }
  ]
}",
  "markdown": "* app/
  * src/
    * index\\.js
  * package\\.json
",
  "utf-8": ".
└── app
    ├── src
    │   └── index.js
    └── package.json",
}
`;
